CCTV4欧洲,http://t.061899.xyz/tl/tl.php?id=cctv4o
CCTV4美洲,http://t.061899.xyz/tl/tl.php?id=cctv4m
CCTV-4K 高清,https://live-play-hls.cctvnews.cctv.com/CCTVChannel/channel_cctv4k_mbd.m3u8?auth_key=1789167600-1-b59134a2ead43d7f783f943c8f535e7bb80c5169575b2e8efcd5b3ddea21b41c-8706cc815e2d10299c9f1cce188d1422&yid=b59134a2ead43d7f783f943c8f535e7bb80c5169575b2e8efcd5b3ddea21b41c
CCTV中学生,http://t.061899.xyz/tl/tl.php?id=zxs
CCTV发现之旅,http://t.061899.xyz/tl/tl.php?id=fxzl
CCTV怀旧剧场,https://live.264788.xyz/channel/huaijiujuchang?streamid=7e5d1abdddde08f588234f3f640f75ff&livekey=01WgOR41rriMmMkzNsd0UoaxJRwetZdxIvtVk
CCTV文化精品,https://live.264788.xyz/channel/yangshiwenhuajingpin?streamid=bc185d1ef1e528922e83efd845006277&livekey=01WgOR41rriMmMkzNsd0UoaxJRwetZdxIvtVk
CCTV老故事,http://t.061899.xyz/tl/tl.php?id=lgs
CGTN记录,https://english-livetx.cgtn.com/hls/yypdjlctzb_hd.m3u8
CGTN阿语,http://espanol-liveali.cgtn.com/hls/LSveOGBaBw41Ea7ukkVAUdKQ220802LSTexu6xAuFH8VZNBLE1ZNEa220802cd.m3u8
七彩戏剧,http://t.061899.xyz/tl/tl.php?id=qcxj
上海外语,http://t.061899.xyz/tl/tl.php?id=shics
上海新闻综合,http://t.061899.xyz/tl/tl.php?id=shxwzh
上视纪实人文,http://t.061899.xyz/tl/tl.php?id=shjsrw
东方影视,http://t.061899.xyz/tl/tl.php?id=dfys
中国交通,http://drive.mxmy.net:8888/udp/239.3.1.188:8001
乐游,http://t.061899.xyz/tl/tl.php?id=ly
优漫卡通,http://t.061899.xyz/tl/tl.php?id=ymkt
兵器科技,https://live.264788.xyz/channel/bingqikeji?streamid=6fc55a0966bdad1e1cdf39a4d37dd776&livekey=01WgOR41rriMmMkzNsd0UoaxJRwetZdxIvtVk
劲爆体育,http://t.061899.xyz/tl/tl.php?id=jbty
四海钓鱼,http://t.061899.xyz/tl/tl.php?id=shdy
欢笑剧场,http://t.061899.xyz/tl/tl.php?id=hxjc
法治天地,http://t.061899.xyz/tl/tl.php?id=fztd
游戏风云,http://t.061899.xyz/tl/tl.php?id=yxfy
熊猫直播,https://gcwbndali.v.myalicdn.com/gcwbnd/ipanda1000_2/index.m3u8
风云剧场,https://live.264788.xyz/channel/fengyunjuchang?streamid=31e7b5b7032d25dd215a4069cdee1a48&livekey=01WgOR41rriMmMkzNsd0UoaxJRwetZdxIvtVk
魅力足球,http://t.061899.xyz/tl/tl.php?id=mlzq
东方卫视4K,http://bp-resource-dfl.bestv.cn/148/3/video.m3u8
人间卫视,http://61.216.67.119:1935/bltvhd/bltv1/chunklist_w1266569526.m3u
凤凰卫视台,http://php.jdshipin.com/TVOD/iptv.php?id=fhzw
厦门卫视,http://125.42.148.178:9901/tsfile/live/0125_1.m3u8?key=txiptv&playlive=1&authid=0
安多卫视,https://liveout.xntv.tv/a65jur/96iln2.m3u8
山东教育,https://test1.live.sdetv.com.cn/live/dianshizhibo/playlist.m3u8
延边卫视,http://120.76.248.139/live/bfgd/4200000117.m3u8
江苏卫视4K,http://8.138.7.223/tv/jsws4k.php
深圳卫视4K,http://nn.7x9d.cn/深圳最新.php?id=szws4k
澳门卫视,http://php.jdshipin.com:8880/TVOD/iptv.php?id=as
福建海峡卫视,http://38.64.72.148:80/hls/modn/list/4009/playlist.m3u8
上海第一财经,https://satellitepull.cnr.cn/live/wx32dycjgb/playlist.m3u8
新纪实,http://bp-resource-dfl.bestv.cn/155/3/video.m3u8
第一财经,http://satellitepull.cnr.cn/live/wx32dycjgb/playlist.m3u8
纪实人文,http://8.138.7.223/tv/shtv.php?id=xjs
纪实科教,http://120.76.248.139/live/bfgd/4200000113.m3u8
都市剧场,https://satellitepull.cnr.cn/live/wxcqxwgb/playlist.m3u8
易门综合,https://zb-live.ynurl.com/yimen/3b75a2f9-7941-46b7-992d-a9796fbca5fe.m3u8
鬼吹灯之云南虫谷,https://live.ottiptv.cc/huya/11352898
鬼吹灯之精绝古城,https://live.ottiptv.cc/huya/11352871
BRTV纪实科教,http://120.76.248.139/live/bfgd/4200000113.m3u8
东森财经新闻,https://raw.githubusercontent.com/ChiSheng9/iptv/master/TV03.m3u8
北京新闻,https://satellitepull.cnr.cn/live/wxbjxwgb/playlist.m3u8
耀才财经,https://v3.mediacast.hk/webcast/bshdlive-pc/chunklist_w99771165.m3u8
金鹰卡通,http://125.42.148.178:9901/tsfile/live/0107_1.m3u8?key=txiptv&playlive=1&authid=0
东丰,http://stream5.jlntv.cn/df/sd/live.m3u8?zjild
九台,http://stream10.jlntv.cn/jiutaitv/sd/live.m3u8?zjild
双辽,http://stream5.jlntv.cn/sl/sd/live.m3u8?zjild
敦化一套,http://stream8.jlntv.cn/dhtv/playlist.m3u8?zjild
