Category: 📺央视频道, Name: CCTV-1, Total: 21, Valid: 8, Valid Percent: 38.10%, IPv4: 12, IPv6: 9, Min Delay: 1294 ms, Max Speed: 0.33 M/s, Avg Speed: 0.19 M/s, Max Resolution: 1920x1080
Category: 📺央视频道, Name: CCTV-2, Total: 24, Valid: 10, Valid Percent: 41.67%, IPv4: 19, IPv6: 5, Min Delay: 1155 ms, Max Speed: 0.51 M/s, Avg Speed: 0.20 M/s, Max Resolution: 1920x1080
Category: 📺央视频道, Name: CCTV-3, Total: 22, Valid: 12, Valid Percent: 54.55%, IPv4: 17, IPv6: 5, Min Delay: 441 ms, Max Speed: 10.58 M/s, Avg Speed: 1.24 M/s, Max Resolution: 1920x1080
Category: 📺央视频道, Name: CCTV-4, Total: 20, Valid: 8, Valid Percent: 40.00%, IPv4: 16, IPv6: 4, Min Delay: 393 ms, Max Speed: 12.22 M/s, Avg Speed: 2.08 M/s, Max Resolution: 1920x1080
Category: 📺央视频道, Name: CCTV-5, Total: 29, Valid: 10, Valid Percent: 34.48%, IPv4: 19, IPv6: 10, Min Delay: 10175 ms, Max Speed: 0.28 M/s, Avg Speed: 0.10 M/s, Max Resolution: 1920x1080
Category: 📺央视频道, Name: CCTV-5+, Total: 18, Valid: 7, Valid Percent: 38.89%, IPv4: 13, IPv6: 5, Min Delay: 9674 ms, Max Speed: 0.63 M/s, Avg Speed: 0.22 M/s, Max Resolution: 1920x1080
Category: 📺央视频道, Name: CCTV-6, Total: 23, Valid: 12, Valid Percent: 52.17%, IPv4: 18, IPv6: 5, Min Delay: 314 ms, Max Speed: 7.20 M/s, Avg Speed: 1.19 M/s, Max Resolution: 1920x1080
Category: 📺央视频道, Name: CCTV-7, Total: 18, Valid: 6, Valid Percent: 33.33%, IPv4: 12, IPv6: 6, Min Delay: 10218 ms, Max Speed: 0.29 M/s, Avg Speed: 0.20 M/s, Max Resolution: 1920x1080
Category: 📺央视频道, Name: CCTV-8, Total: 27, Valid: 12, Valid Percent: 44.44%, IPv4: 22, IPv6: 5, Min Delay: 452 ms, Max Speed: 5.74 M/s, Avg Speed: 0.56 M/s, Max Resolution: 1920x1080
Category: 📺央视频道, Name: CCTV-9, Total: 23, Valid: 9, Valid Percent: 39.13%, IPv4: 18, IPv6: 5, Min Delay: 1139 ms, Max Speed: 0.33 M/s, Avg Speed: 0.13 M/s, Max Resolution: 1920x1080
Category: 📺央视频道, Name: CCTV-10, Total: 26, Valid: 10, Valid Percent: 38.46%, IPv4: 20, IPv6: 6, Min Delay: 1901 ms, Max Speed: 0.38 M/s, Avg Speed: 0.14 M/s, Max Resolution: 1920x1080
Category: 📺央视频道, Name: CCTV-11, Total: 17, Valid: 7, Valid Percent: 41.18%, IPv4: 13, IPv6: 4, Min Delay: 10074 ms, Max Speed: 0.50 M/s, Avg Speed: 0.15 M/s, Max Resolution: 1920x1080
Category: 📺央视频道, Name: CCTV-12, Total: 20, Valid: 9, Valid Percent: 45.00%, IPv4: 14, IPv6: 6, Min Delay: 10081 ms, Max Speed: 0.34 M/s, Avg Speed: 0.14 M/s, Max Resolution: 1920x1080
Category: 📺央视频道, Name: CCTV-13, Total: 23, Valid: 9, Valid Percent: 39.13%, IPv4: 18, IPv6: 5, Min Delay: 1061 ms, Max Speed: 0.52 M/s, Avg Speed: 0.22 M/s, Max Resolution: 1920x1080
Category: 📺央视频道, Name: CCTV-14, Total: 21, Valid: 9, Valid Percent: 42.86%, IPv4: 14, IPv6: 7, Min Delay: 629 ms, Max Speed: 7.47 M/s, Avg Speed: 1.04 M/s, Max Resolution: 1920x1080
Category: 📺央视频道, Name: CCTV-15, Total: 19, Valid: 7, Valid Percent: 36.84%, IPv4: 15, IPv6: 4, Min Delay: 1822 ms, Max Speed: 0.27 M/s, Avg Speed: 0.10 M/s, Max Resolution: 1920x1080
Category: 📺央视频道, Name: CETV-3, Total: 1, Valid: 0, Valid Percent: 0.00%, IPv4: 0, IPv6: 1, Min Delay: -1 ms, Max Speed: 0.00 M/s, Avg Speed: 0.00 M/s, Max Resolution: None
Category: 📺央视频道, Name: CCTV第一剧场, Total: 2, Valid: 2, Valid Percent: 100.00%, IPv4: 2, IPv6: 0, Min Delay: 62 ms, Max Speed: 84.63 M/s, Avg Speed: 77.85 M/s, Max Resolution: 1920x1080
Category: 📺央视频道, Name: CCTV-16, Total: 15, Valid: 6, Valid Percent: 40.00%, IPv4: 10, IPv6: 5, Min Delay: 10198 ms, Max Speed: 0.38 M/s, Avg Speed: 0.17 M/s, Max Resolution: 1920x1080
Category: 📺央视频道, Name: CETV-1, Total: 3, Valid: 2, Valid Percent: 66.67%, IPv4: 2, IPv6: 1, Min Delay: 10291 ms, Max Speed: 0.32 M/s, Avg Speed: 0.20 M/s, Max Resolution: 1920x1080
Category: 📺央视频道, Name: CGTN英语, Total: 2, Valid: 2, Valid Percent: 100.00%, IPv4: 1, IPv6: 1, Min Delay: 440 ms, Max Speed: 6.22 M/s, Avg Speed: 5.67 M/s, Max Resolution: 1920x1080
Category: 📺央视频道, Name: ABC News, Total: 1, Valid: 1, Valid Percent: 100.00%, IPv4: 0, IPv6: 1, Min Delay: 264 ms, Max Speed: 10.95 M/s, Avg Speed: 10.95 M/s, Max Resolution: 1920x1080
Category: 📺央视频道, Name: CCTV-17, Total: 14, Valid: 5, Valid Percent: 35.71%, IPv4: 8, IPv6: 6, Min Delay: 63 ms, Max Speed: 72.78 M/s, Avg Speed: 31.01 M/s, Max Resolution: 1920x1080
Category: 📺央视频道, Name: CETV-4, Total: 2, Valid: 0, Valid Percent: 0.00%, IPv4: 1, IPv6: 1, Min Delay: -1 ms, Max Speed: 0.00 M/s, Avg Speed: 0.00 M/s, Max Resolution: None
Category: 📺CCTV, Name: CGTN纪录, Total: 1, Valid: 1, Valid Percent: 100.00%, IPv4: 1, IPv6: 0, Min Delay: 602 ms, Max Speed: 5.53 M/s, Avg Speed: 5.53 M/s, Max Resolution: 1920x1080
Category: 📺央视频道, Name: CGTN法语, Total: 2, Valid: 1, Valid Percent: 50.00%, IPv4: 1, IPv6: 1, Min Delay: 1044 ms, Max Speed: 5.64 M/s, Avg Speed: 5.64 M/s, Max Resolution: 1920x1080
Category: 📺CCTV, Name: CGTN西语, Total: 1, Valid: 1, Valid Percent: 100.00%, IPv4: 0, IPv6: 1, Min Delay: 2158 ms, Max Speed: 2.70 M/s, Avg Speed: 2.70 M/s, Max Resolution: 1920x1080
Category: 📺CCTV, Name: CHC动作电影, Total: 2, Valid: 1, Valid Percent: 50.00%, IPv4: 2, IPv6: 0, Min Delay: 10312 ms, Max Speed: 0.12 M/s, Avg Speed: 0.12 M/s, Max Resolution: 1920x1080
Category: 📺央视频道, Name: CHC家庭影院, Total: 3, Valid: 2, Valid Percent: 66.67%, IPv4: 3, IPv6: 0, Min Delay: 10282 ms, Max Speed: 0.05 M/s, Avg Speed: 0.03 M/s, Max Resolution: 1920x1080
Category: 📺央视频道, Name: CETV-2, Total: 2, Valid: 0, Valid Percent: 0.00%, IPv4: 1, IPv6: 1, Min Delay: -1 ms, Max Speed: 0.00 M/s, Avg Speed: 0.00 M/s, Max Resolution: None
Category: 📺CCTV, Name: CGTN俄语, Total: 2, Valid: 0, Valid Percent: 0.00%, IPv4: 1, IPv6: 1, Min Delay: -1 ms, Max Speed: 0.00 M/s, Avg Speed: 0.00 M/s, Max Resolution: 1920x1080
Category: 📺CCTV, Name: IPTV经典电影, Total: 1, Valid: 0, Valid Percent: 0.00%, IPv4: 1, IPv6: 0, Min Delay: -1 ms, Max Speed: 0.00 M/s, Avg Speed: 0.00 M/s, Max Resolution: 1920x1080
Category: 📡卫视频道, Name: 北京卫视, Total: 5, Valid: 3, Valid Percent: 60.00%, IPv4: 5, IPv6: 0, Min Delay: 74 ms, Max Speed: 1.23 M/s, Avg Speed: 0.43 M/s, Max Resolution: 1920x1080
Category: 📡卫视频道, Name: 湖北卫视, Total: 8, Valid: 6, Valid Percent: 75.00%, IPv4: 8, IPv6: 0, Min Delay: 5673 ms, Max Speed: 1.01 M/s, Avg Speed: 0.29 M/s, Max Resolution: 1920x1080
Category: 📡卫视频道, Name: 黑龙江卫视, Total: 7, Valid: 6, Valid Percent: 85.71%, IPv4: 7, IPv6: 0, Min Delay: 1385 ms, Max Speed: 0.30 M/s, Avg Speed: 0.15 M/s, Max Resolution: 1920x1080
Category: 📡卫视频道, Name: 安徽卫视, Total: 9, Valid: 7, Valid Percent: 77.78%, IPv4: 9, IPv6: 0, Min Delay: 2577 ms, Max Speed: 0.54 M/s, Avg Speed: 0.18 M/s, Max Resolution: 1920x1080
Category: 📡卫视频道, Name: 重庆卫视, Total: 5, Valid: 2, Valid Percent: 40.00%, IPv4: 5, IPv6: 0, Min Delay: 10224 ms, Max Speed: 0.01 M/s, Avg Speed: 0.01 M/s, Max Resolution: None
Category: 📡卫视频道, Name: 东方卫视, Total: 10, Valid: 7, Valid Percent: 70.00%, IPv4: 10, IPv6: 0, Min Delay: 4300 ms, Max Speed: 1.05 M/s, Avg Speed: 0.34 M/s, Max Resolution: 1920x1080
Category: 📡卫视频道, Name: 甘肃卫视, Total: 4, Valid: 4, Valid Percent: 100.00%, IPv4: 4, IPv6: 0, Min Delay: 10430 ms, Max Speed: 0.19 M/s, Avg Speed: 0.10 M/s, Max Resolution: 1920x1080
Category: 📡卫视频道, Name: 东南卫视, Total: 10, Valid: 8, Valid Percent: 80.00%, IPv4: 9, IPv6: 1, Min Delay: 1042 ms, Max Speed: 0.23 M/s, Avg Speed: 0.14 M/s, Max Resolution: 1920x1080
Category: 📡卫视频道, Name: 广西卫视, Total: 7, Valid: 5, Valid Percent: 71.43%, IPv4: 6, IPv6: 1, Min Delay: 758 ms, Max Speed: 1.99 M/s, Avg Speed: 0.42 M/s, Max Resolution: 1920x1080
Category: 📡卫视频道, Name: 海南卫视, Total: 2, Valid: 1, Valid Percent: 50.00%, IPv4: 2, IPv6: 0, Min Delay: 438 ms, Max Speed: 0.00 M/s, Avg Speed: 0.00 M/s, Max Resolution: 1920x1080
Category: 📡卫视频道, Name: 贵州卫视, Total: 7, Valid: 5, Valid Percent: 71.43%, IPv4: 7, IPv6: 0, Min Delay: 71 ms, Max Speed: 63.49 M/s, Avg Speed: 12.78 M/s, Max Resolution: 1920x1080
Category: 📡卫视频道, Name: 河北卫视, Total: 9, Valid: 6, Valid Percent: 66.67%, IPv4: 9, IPv6: 0, Min Delay: 5877 ms, Max Speed: 0.70 M/s, Avg Speed: 0.24 M/s, Max Resolution: 1920x1080
Category: 📡卫视频道, Name: 河南卫视, Total: 5, Valid: 3, Valid Percent: 60.00%, IPv4: 5, IPv6: 0, Min Delay: 2697 ms, Max Speed: 0.61 M/s, Avg Speed: 0.21 M/s, Max Resolution: 720x576
Category: 📡卫视频道, Name: 吉林卫视, Total: 5, Valid: 3, Valid Percent: 60.00%, IPv4: 5, IPv6: 0, Min Delay: 10223 ms, Max Speed: 0.05 M/s, Avg Speed: 0.02 M/s, Max Resolution: 1920x1080
Category: 📡卫视频道, Name: 浙江卫视, Total: 5, Valid: 5, Valid Percent: 100.00%, IPv4: 5, IPv6: 0, Min Delay: 1095 ms, Max Speed: 1.02 M/s, Avg Speed: 0.51 M/s, Max Resolution: 1920x1080
Category: 📡卫视频道, Name: 江苏卫视, Total: 12, Valid: 10, Valid Percent: 83.33%, IPv4: 12, IPv6: 0, Min Delay: 2503 ms, Max Speed: 1.14 M/s, Avg Speed: 0.21 M/s, Max Resolution: 1920x1080
Category: 📡卫视频道, Name: 广东卫视, Total: 7, Valid: 6, Valid Percent: 85.71%, IPv4: 7, IPv6: 0, Min Delay: 1749 ms, Max Speed: 0.55 M/s, Avg Speed: 0.25 M/s, Max Resolution: 1920x1080
Category: 📡卫视频道, Name: 陕西卫视, Total: 1, Valid: 1, Valid Percent: 100.00%, IPv4: 1, IPv6: 0, Min Delay: 134 ms, Max Speed: 39.14 M/s, Avg Speed: 39.14 M/s, Max Resolution: 1920x1080
Category: 📡卫视频道, Name: 山西卫视, Total: 3, Valid: 3, Valid Percent: 100.00%, IPv4: 3, IPv6: 0, Min Delay: 56 ms, Max Speed: 86.92 M/s, Avg Speed: 49.17 M/s, Max Resolution: 1920x1080
Category: 📡卫视频道, Name: 湖南卫视, Total: 11, Valid: 9, Valid Percent: 81.82%, IPv4: 11, IPv6: 0, Min Delay: 80 ms, Max Speed: 5.75 M/s, Avg Speed: 1.03 M/s, Max Resolution: 3840x2160
Category: 📡卫视频道, Name: 山东卫视, Total: 9, Valid: 6, Valid Percent: 66.67%, IPv4: 9, IPv6: 0, Min Delay: 3697 ms, Max Speed: 0.21 M/s, Avg Speed: 0.07 M/s, Max Resolution: 1920x1080
Category: 📡卫视频道, Name: 四川卫视, Total: 9, Valid: 7, Valid Percent: 77.78%, IPv4: 9, IPv6: 0, Min Delay: 58 ms, Max Speed: 87.66 M/s, Avg Speed: 22.29 M/s, Max Resolution: 1920x1080
Category: 📡卫视频道, Name: 深圳卫视, Total: 9, Valid: 9, Valid Percent: 100.00%, IPv4: 9, IPv6: 0, Min Delay: 2876 ms, Max Speed: 1.13 M/s, Avg Speed: 0.30 M/s, Max Resolution: 1920x1080
Category: 📡卫视频道, Name: 青海卫视, Total: 1, Valid: 1, Valid Percent: 100.00%, IPv4: 0, IPv6: 1, Min Delay: 3018 ms, Max Speed: 0.60 M/s, Avg Speed: 0.60 M/s, Max Resolution: 1920x1080
Category: 📡卫视频道, Name: 内蒙古卫视, Total: 3, Valid: 2, Valid Percent: 66.67%, IPv4: 3, IPv6: 0, Min Delay: 74 ms, Max Speed: 68.28 M/s, Avg Speed: 34.16 M/s, Max Resolution: 1920x1080
Category: 📡卫视频道, Name: 江西卫视, Total: 9, Valid: 6, Valid Percent: 66.67%, IPv4: 9, IPv6: 0, Min Delay: 203 ms, Max Speed: 30.48 M/s, Avg Speed: 5.31 M/s, Max Resolution: 1920x1080
Category: 📡卫视频道, Name: 新疆卫视, Total: 1, Valid: 1, Valid Percent: 100.00%, IPv4: 1, IPv6: 0, Min Delay: 3200 ms, Max Speed: 0.28 M/s, Avg Speed: 0.28 M/s, Max Resolution: 1920x1080
Category: 📡卫视频道, Name: 辽宁卫视, Total: 6, Valid: 4, Valid Percent: 66.67%, IPv4: 6, IPv6: 0, Min Delay: 3897 ms, Max Speed: 1.22 M/s, Avg Speed: 0.43 M/s, Max Resolution: 1920x1080
Category: 📡卫视频道, Name: 西藏卫视, Total: 3, Valid: 3, Valid Percent: 100.00%, IPv4: 3, IPv6: 0, Min Delay: 75 ms, Max Speed: 73.30 M/s, Avg Speed: 24.71 M/s, Max Resolution: 1920x1080
Category: 📡卫视频道, Name: 宁夏卫视, Total: 4, Valid: 3, Valid Percent: 75.00%, IPv4: 4, IPv6: 0, Min Delay: 84 ms, Max Speed: 62.49 M/s, Avg Speed: 40.32 M/s, Max Resolution: 1920x1080
Category: 📡卫视频道, Name: 兵团卫视, Total: 1, Valid: 0, Valid Percent: 0.00%, IPv4: 1, IPv6: 0, Min Delay: -1 ms, Max Speed: 0.00 M/s, Avg Speed: 0.00 M/s, Max Resolution: 1920x1080
Category: 📡卫视频道, Name: 天津卫视, Total: 6, Valid: 6, Valid Percent: 100.00%, IPv4: 6, IPv6: 0, Min Delay: 9079 ms, Max Speed: 0.87 M/s, Avg Speed: 0.28 M/s, Max Resolution: 1920x1080
Category: 📡港澳台, Name: 凤凰中文, Total: 1, Valid: 1, Valid Percent: 100.00%, IPv4: 0, IPv6: 1, Min Delay: 300 ms, Max Speed: 17.40 M/s, Avg Speed: 17.40 M/s, Max Resolution: 1920x1080
Category: 📡港澳台, Name: 凤凰香港, Total: 3, Valid: 3, Valid Percent: 100.00%, IPv4: 0, IPv6: 3, Min Delay: 288 ms, Max Speed: 16.60 M/s, Avg Speed: 15.56 M/s, Max Resolution: 1920x1080
Category: 📡港澳台, Name: TVBS亚洲, Total: 2, Valid: 2, Valid Percent: 100.00%, IPv4: 1, IPv6: 1, Min Delay: 462 ms, Max Speed: 5.75 M/s, Avg Speed: 3.40 M/s, Max Resolution: 1920x1080
Category: 📡港澳台, Name: 台视新闻, Total: 1, Valid: 1, Valid Percent: 100.00%, IPv4: 1, IPv6: 0, Min Delay: 1771 ms, Max Speed: 1.08 M/s, Avg Speed: 1.08 M/s, Max Resolution: 1920x1080
Category: 📡卫视频道, Name: 海峡卫视, Total: 8, Valid: 7, Valid Percent: 87.50%, IPv4: 8, IPv6: 0, Min Delay: 2138 ms, Max Speed: 0.94 M/s, Avg Speed: 0.38 M/s, Max Resolution: 1920x1080
Category: 📡港澳台, Name: 大湾区卫视, Total: 3, Valid: 3, Valid Percent: 100.00%, IPv4: 3, IPv6: 0, Min Delay: 3962 ms, Max Speed: 0.42 M/s, Avg Speed: 0.17 M/s, Max Resolution: 1920x1080
Category: 📡卫视频道, Name: 云南卫视, Total: 6, Valid: 3, Valid Percent: 50.00%, IPv4: 6, IPv6: 0, Min Delay: 2206 ms, Max Speed: 0.16 M/s, Avg Speed: 0.12 M/s, Max Resolution: 1920x1080
